[18:53:50] [main/INFO] (FabricLoader/GameProvider) Loading Minecraft 1.21.6 with Fabric Loader 0.16.14
[18:53:50] [main/INFO] (FabricLoader) Loading 49 mods:
	- dwdsb 1.6.6
	- fabric-api 0.127.0+1.21.6
	- fabric-api-base 0.4.63+9ec45cd89c
	- fabric-api-lookup-api-v1 1.6.99+9ec45cd89c
	- fabric-biome-api-v1 16.0.10+fa6cb72b9c
	- fabric-block-api-v1 1.1.2+78dbe4fb9c
	- fabric-block-view-api-v2 1.0.30+d32f812d9c
	- fabric-client-gametest-api-v1 4.2.3+458b8c9a9c
	- fabric-command-api-v2 2.2.52+b39a696a9c
	- fabric-content-registries-v0 10.0.17+fa6cb72b9c
	- fabric-convention-tags-v1 2.1.37+7f945d5b9c
	- fabric-convention-tags-v2 2.15.2+d9a896309c
	- fabric-crash-report-info-v1 0.3.14+fa6cb72b9c
	- fabric-data-attachment-api-v1 1.8.8+d9a896309c
	- fabric-data-generation-api-v1 23.2.0+a12c79229c
	- fabric-dimensions-v1 4.0.18+75fa737a9c
	- fabric-entity-events-v1 2.1.0+c9e472739c
	- fabric-events-interaction-v0 4.0.22+0d4d74479c
	- fabric-game-rule-api-v1 1.0.71+9ec45cd89c
	- fabric-gametest-api-v1 3.1.8+39ce47f59c
	- fabric-item-api-v1 11.4.2+5e29f1899c
	- fabric-item-group-api-v1 4.2.12+9ec45cd89c
	- fabric-key-binding-api-v1 1.0.64+9ec45cd89c
	- fabric-lifecycle-events-v1 2.6.2+db4dfd859c
	- fabric-loot-api-v2 3.0.54+3f89f5a59c
	- fabric-loot-api-v3 2.0.1+f40817309c
	- fabric-message-api-v1 6.1.0+8efa0e499c
	- fabric-model-loading-api-v1 5.2.4+ae8be2b89c
	- fabric-networking-api-v1 5.0.0+d32f812d9c
	- fabric-object-builder-api-v1 21.1.5+946cf7899c
	- fabric-particles-v1 4.1.6+c1dce2189c
	- fabric-recipe-api-v1 8.1.13+39ce47f59c
	- fabric-registry-sync-v0 6.1.25+9ec45cd89c
	- fabric-renderer-api-v1 7.0.1+a0cfcc829c
	- fabric-renderer-indigo 4.0.1+2516f2229c
	- fabric-rendering-fluids-v1 3.1.29+fa6cb72b9c
	- fabric-rendering-v1 12.3.0+ac3e15d19c
	- fabric-resource-conditions-api-v1 5.0.23+908cbc919c
	- fabric-resource-loader-v0 3.1.10+fa6cb72b9c
	- fabric-screen-api-v1 2.0.50+908cbc919c
	- fabric-screen-handler-api-v1 1.3.134+d32f812d9c
	- fabric-sound-api-v1 1.0.41+d32f812d9c
	- fabric-tag-api-v1 1.2.0+75110b049c
	- fabric-transfer-api-v1 6.0.4+074c84ee9c
	- fabric-transitive-access-wideners-v1 6.4.0+ac3e15d19c
	- fabricloader 0.16.14
	- java 21
	- minecraft 1.21.6
	- mixinextras 0.4.1
[18:53:50] [main/INFO] (FabricLoader/Mixin) SpongePowered MIXIN Subsystem Version=0.8.7 Source=file:/C:/Users/Anthony/.gradle/caches/modules-2/files-2.1/net.fabricmc/sponge-mixin/0.15.5+mixin.0.8.7/22f9eb729e216a091673a574a5906dc1b9027fb3/sponge-mixin-0.15.5+mixin.0.8.7.jar Service=Knot/Fabric Env=CLIENT
[18:53:50] [main/INFO] (FabricLoader/Mixin) Loaded Fabric development mappings for mixin remapper!
[18:53:50] [main/INFO] (FabricLoader/Mixin) Compatibility level set to JAVA_21
[18:53:51] [main/INFO] (FabricLoader/MixinExtras|Service) Initializing MixinExtras via com.llamalad7.mixinextras.service.MixinExtrasServiceImpl(version=0.4.1).
[18:53:52] [Datafixer Bootstrap/INFO] (Minecraft) 269 Datafixer optimizations took 348 milliseconds
[18:53:52] [main/WARN] (PerfmonDisabled) Invalid registry value type detected for PerfOS counters. Should be REG_DWORD. Ignoring: HKEY_LOCAL_MACHINE\SYSTEM\CurrentControlSet\Services\PerfOS\Performance\Disable Performance Counters.
[18:53:55] [Render thread/INFO] (Minecraft) Environment: Environment[sessionHost=https://sessionserver.mojang.com, servicesHost=https://api.minecraftservices.com, name=PROD]
[18:53:55] [Render thread/INFO] (Minecraft) Setting user: Player55
[18:53:55] [Render thread/INFO] (DWDSB) [1/5] Registered items successfully!
[18:53:55] [Render thread/INFO] (DWDSB) [2/5] Registered sounds successfully!
[18:53:55] [Render thread/INFO] (DWDSB) [3/5] Loot tables modified successfully!
[18:53:56] [Render thread/INFO] (DWDSB) [4/5] Trades modified successfully!
[18:53:56] [Render thread/INFO] (DWDSB) [5/5] Registered Item Group successfully!
[18:53:56] [Render thread/INFO] (DWDSB) All content loaded. Ready for some killer beats?
[18:53:56] [Render thread/INFO] (Indigo) [Indigo] Registering Indigo renderer!
[18:53:56] [Render thread/INFO] (FabricDataGenHelper) Running data generator for dwdsb
[18:53:56] [Render thread/INFO] (DWDSB DataGen) [1/3] All models created.
[18:53:56] [Render thread/INFO] (DWDSB DataGen) [2/3] All recipes created.
[18:53:56] [Render thread/INFO] (DWDSB DataGen) [3/3] All tags created.
[18:53:56] [Render thread/INFO] (DWDSB DataGen) All data generated.
[18:53:56] [Render thread/INFO] (Minecraft) Starting provider: Discs Where Discs Shouldn't Be/Model Definitions
[18:53:56] [Render thread/INFO] (Minecraft) Discs Where Discs Shouldn't Be/Model Definitions finished after 47 ms
[18:53:56] [Render thread/INFO] (Minecraft) Starting provider: Discs Where Discs Shouldn't Be/
[18:53:56] [Render thread/INFO] (Minecraft) Discs Where Discs Shouldn't Be/ finished after 162 ms
[18:53:56] [Render thread/INFO] (Minecraft) Starting provider: Discs Where Discs Shouldn't Be/Tags for minecraft:item
[18:53:56] [Render thread/INFO] (Minecraft) Discs Where Discs Shouldn't Be/Tags for minecraft:item finished after 8 ms
[18:53:56] [Render thread/INFO] (Minecraft) All providers took: 220 ms
[18:53:56] [Render thread/INFO] (Minecraft) Caching: total files: 69, old count: 0, new count: 70, removed stale: 0, written: 69
